
Fatbin elf code:
================
arch = sm_120
code version = [1,8]
host = windows
compile_size = 64bit
identifier = S:/kernel-lane/kernels/src/register_tiled_gemm_tf32_wmma.cu 

	code for sm_120
	.target	sm_120


Fatbin elf code:
================
arch = sm_120
code version = [1,8]
host = windows
compile_size = 64bit
identifier = S:/kernel-lane/kernels/src/register_tiled_gemm_tf32_wmma.cu

	code for sm_120
	.target	sm_120

		Function : _Z29register_tiled_gemm_tf32_wmmaPKfS0_Pfiii
	.headerflags	@"EF_CUDA_SM120 EF_CUDA_VIRTUAL_SM(EF_CUDA_SM120)"
        /*0000*/                   LDC R1, c[0x0][0x37c] ;                              /* 0x0000df00ff017b82 */
                                                                                        /* 0x000fe20000000800 */
        /*0010*/                   LDCU UR9, c[0x0][0x3a0] ;                            /* 0x00007400ff0977ac */
                                                                                        /* 0x000e2e0008000800 */
        /*0020*/                   S2UR UR4, SR_CTAID.Y ;                               /* 0x00000000000479c3 */
                                                                                        /* 0x000e620000002600 */
        /*0030*/                   S2R R0, SR_TID.X ;                                   /* 0x0000000000007919 */
                                                                                        /* 0x000ea20000002100 */
        /*0040*/                   CS2R R14, SRZ ;                                      /* 0x00000000000e7805 */
                                                                                        /* 0x000fe2000001ff00 */
        /*0050*/                   CS2R R12, SRZ ;                                      /* 0x00000000000c7805 */
                                                                                        /* 0x000fe2000001ff00 */
        /*0060*/                   CS2R R10, SRZ ;                                      /* 0x00000000000a7805 */
                                                                                        /* 0x000fe2000001ff00 */
        /*0070*/                   CS2R R8, SRZ ;                                       /* 0x0000000000087805 */
                                                                                        /* 0x000fe2000001ff00 */
        /*0080*/                   LDCU.64 UR10, c[0x0][0x358] ;                        /* 0x00006b00ff0a77ac */
                                                                                        /* 0x000ee40008000a00 */
        /*0090*/                   S2UR UR5, SR_CTAID.X ;                               /* 0x00000000000579c3 */
                                                                                        /* 0x000f220000002500 */
        /*00a0*/                   UISETP.GE.AND UP0, UPT, UR9, 0x1, UPT ;              /* 0x000000010900788c */
                                                                                        /* 0x001fe2000bf06270 */
        /*00b0*/                   USHF.L.U32 UR4, UR4, 0x4, URZ ;                      /* 0x0000000404047899 */
                                                                                        /* 0x002fe200080006ff */
        /*00c0*/                   USHF.L.U32 UR5, UR5, 0x4, URZ ;                      /* 0x0000000405057899 */
                                                                                        /* 0x010fce00080006ff */
        /*00d0*/                   BRA.U !UP0, 0xe10 ;                                  /* 0x0000000d084c7547 */
                                                                                        /* 0x000fea000b800000 */
        /*00e0*/                   S2UR UR8, SR_CgaCtaId ;                              /* 0x00000000000879c3 */
                                                                                        /* 0x000e220000008800 */
        /*00f0*/                   IMAD.SHL.U32 R2, R0.reuse, 0x4, RZ ;                 /* 0x0000000400027824 */
                                                                                        /* 0x044fe200078e00ff */
        /*0100*/                   UMOV UR6, 0x400 ;                                    /* 0x0000040000067882 */
                                                                                        /* 0x000fe20000000000 */
        /*0110*/                   IMAD.SHL.U32 R3, R0, 0x20, RZ ;                      /* 0x0000002000037824 */
                                                                                        /* 0x000fe200078e00ff */
        /*0120*/                   SHF.R.U32.HI R5, RZ, 0x3, R0 ;                       /* 0x00000003ff057819 */
                                                                                        /* 0x000fe20000011600 */
        /*0130*/                   UIADD3 UR7, UPT, UPT, UR6, 0x200, URZ ;              /* 0x0000020006077890 */
                                                                                        /* 0x000fe2000fffe0ff */
        /*0140*/                   LOP3.LUT R2, R2, 0x1c, RZ, 0xc0, !PT ;               /* 0x0000001c02027812 */
                                                                                        /* 0x000fe200078ec0ff */
        /*0150*/                   LDCU UR12, c[0x0][0x398] ;                           /* 0x00007300ff0c77ac */
                                                                                        /* 0x000e620008000800 */
        /*0160*/                   LOP3.LUT R17, R0.reuse, 0xf, RZ, 0xc0, !PT ;         /* 0x0000000f00117812 */
                                                                                        /* 0x040fe400078ec0ff */
        /*0170*/                   LOP3.LUT R6, R0, 0x7, RZ, 0xc0, !PT ;                /* 0x0000000700067812 */
                                                                                        /* 0x000fe200078ec0ff */
        /*0180*/                   IMAD R4, R5.reuse, 0x20, R2 ;                        /* 0x0000002005047824 */
                                                                                        /* 0x040fe200078e0202 */
        /*0190*/                   IADD R7, R5, UR4 ;                                   /* 0x0000000405077c35 */
                                                                                        /* 0x000fe2000f8e0000 */
        /*01a0*/                   LOP3.LUT R3, R3, 0x1e0, RZ, 0xc0, !PT ;              /* 0x000001e003037812 */
                                                                                        /* 0x000fe200078ec0ff */
        /*01b0*/                   MOV R16, RZ ;                                        /* 0x000000ff00107202 */
                                                                                        /* 0x000fe20000000f00 */
        /*01c0*/                   MOV R15, RZ ;                                        /* 0x000000ff000f7202 */
                                                                                        /* 0x000fe20000000f00 */
        /*01d0*/                   IADD R17, R17, UR5 ;                                 /* 0x0000000511117c35 */
                                                                                        /* 0x000fe2000f8e0000 */
        /*01e0*/                   ULEA UR6, UR8, UR6, 0x18 ;                           /* 0x0000000608067291 */
                                                                                        /* 0x001fe2000f8ec0ff */
        /*01f0*/                   ULEA UR7, UR8, UR7, 0x18 ;                           /* 0x0000000708077291 */
                                                                                        /* 0x000fca000f8ec0ff */
        /*0200*/                   IADD R20, R2, UR6 ;                                  /* 0x0000000602147c35 */
                                                                                        /* 0x000fe2000f8e0000 */
        /*0210*/                   IMAD R2, R7, UR9, R6 ;                               /* 0x0000000907027c24 */
                                                                                        /* 0x000fe2000f8e0206 */
        /*0220*/                   IADD R3, R3, UR7 ;                                   /* 0x0000000703037c35 */
                                                                                        /* 0x000fe2000f8e0000 */
        /*0230*/                   IADD R4, R4, UR6 ;                                   /* 0x0000000604047c35 */
                                                                                        /* 0x00afce000f8e0000 */
        /*0240*/                   LDCU UR6, c[0x0][0x3a0] ;                            /* 0x00007400ff0677ac */
                                                                                        /* 0x000e220008000800 */
        /*0250*/                   IADD R18, R16, 0x8 ;                                 /* 0x0000000810127835 */
                                                                                        /* 0x000fe200078e0000 */
        /*0260*/                   BSSY.RECONVERGENT B1, 0xb60 ;                        /* 0x000008f000017945 */
                                                                                        /* 0x000fe20003800200 */
        /*0270*/                   MOV R5, UR6 ;                                        /* 0x0000000600057c02 */
                                                                                        /* 0x001fca0008000f00 */
        /*0280*/                   VIMNMX.S32 R19, R18, R5, PT ;                        /* 0x0000000512137248 */
                                                                                        /* 0x000fca0003fe0100 */
        /*0290*/                   IADD R19, R19, -R16 ;                                /* 0x8000001013137235 */
                                                                                        /* 0x000fca00078e0000 */
        /*02a0*/                   ISETP.NE.U32.AND P0, PT, R19, 0x8, PT ;              /* 0x000000081300780c */
                                                                                        /* 0x000fe20003f05070 */
        /*02b0*/                   MOV R19, R16 ;                                       /* 0x0000001000137202 */
                                                                                        /* 0x000fe20000000f00 */
        /*02c0*/                   MOV R16, R18 ;                                       /* 0x0000001200107202 */
                                                                                        /* 0x000fd60000000f00 */
        /*02d0*/              @!P0 BRA 0x6c0 ;                                          /* 0x0000000000f88947 */
                                                                                        /* 0x000fea0003800000 */
        /*02e0*/                   ISETP.GT.U32.AND P0, PT, R0, 0x7f, PT ;              /* 0x0000007f0000780c */
                                                                                        /* 0x000fe20003f04070 */
        /*02f0*/                   BSSY.RECONVERGENT B0, 0x6b0 ;                        /* 0x000003b000007945 */
                                                                                        /* 0x000fd80003800200 */
        /*0300*/               @P0 BRA 0x690 ;                                          /* 0x0000000000e00947 */
                                                                                        /* 0x000fea0003800000 */
        /*0310*/                   LDC R28, c[0x0][0x3a0] ;                             /* 0x0000e800ff1c7b82 */
                                                                                        /* 0x000e220000000800 */
        /*0320*/                   IADD R18, R6, R19 ;                                  /* 0x0000001306127235 */
                                                                                        /* 0x000fe200078e0000 */
        /*0330*/                   BSSY.RECONVERGENT B2, 0x4e0 ;                        /* 0x000001a000027945 */
                                                                                        /* 0x000fe20003800200 */
        /*0340*/                   MOV R21, R4 ;                                        /* 0x0000000400157202 */
                                                                                        /* 0x000fe20000000f00 */
        /*0350*/                   MOV R24, R0 ;                                        /* 0x0000000000187202 */
                                                                                        /* 0x000fe40000000f00 */
        /*0360*/                   ISETP.GE.AND P1, PT, R18, R5, PT ;                   /* 0x000000051200720c */
                                                                                        /* 0x000fe20003f26270 */
        /*0370*/                   IADD R5, R2, R19 ;                                   /* 0x0000001302057235 */
                                                                                        /* 0x000fe200078e0000 */
        /*0380*/                   MOV R18, R7 ;                                        /* 0x0000000700127202 */
                                                                                        /* 0x000fd60000000f00 */
        /*0390*/                   ISETP.GE.OR P2, PT, R18, UR12, P1 ;                  /* 0x0000000c12007c0c */
                                                                                        /* 0x000fda0008f46670 */
        /*03a0*/              @!P2 LDC.64 R22, c[0x0][0x380] ;                          /* 0x0000e000ff16ab82 */
                                                                                        /* 0x000e640000000a00 */
        /*03b0*/              @!P2 IMAD.WIDE.U32 R22, R5, 0x4, R22 ;                    /* 0x000000040516a825 */
                                                                                        /* 0x002fca00078e0016 */
        /*03c0*/              @!P2 LDG.E.CONSTANT R25, desc[UR10][R22.64] ;             /* 0x0000000a1619a981 */
                                                                                        /* 0x000ea2000c1e9900 */
        /*03d0*/                   PLOP3.LUT P0, PT, PT, PT, PT, 0x80, 0x8 ;            /* 0x000000000008781c */
                                                                                        /* 0x000fe20003f0f070 */
        /*03e0*/                   IMAD R5, R28, 0x4, R5 ;                              /* 0x000000041c057824 */
                                                                                        /* 0x001fe200078e0205 */
        /*03f0*/              @!P2 MOV R26, 0x1000 ;                                    /* 0x00001000001aa802 */
                                                                                        /* 0x000fe20000000f00 */
        /*0400*/                   IADD R18, R18, 0x4 ;                                 /* 0x0000000412127835 */
                                                                                        /* 0x000fe200078e0000 */
        /*0410*/              @!P2 FSETP.GEU.AND P3, PT, |R25|, +INF , PT ;             /* 0x7f8000001900a80b */
                                                                                        /* 0x004fca0003f6e200 */
        /*0420*/              @!P2 PLOP3.LUT P0, PT, P3, PT, PT, 0x80, 0x8 ;            /* 0x000000000008a81c */
                                                                                        /* 0x000fda0001f0f070 */
        /*0430*/              @!P0 IMAD.IADD.U32 R25, R25, 0x1, R26 ;                   /* 0x0000000119198824 */
                                                                                        /* 0x000fe200078e001a */
        /*0440*/                   ISETP.GE.U32.AND P0, PT, R24, 0x60, PT ;             /* 0x000000601800780c */
                                                                                        /* 0x000fc80003f06070 */
        /*0450*/              @!P2 LOP3.LUT R26, R25, 0xffffe000, RZ, 0xc0, !PT ;       /* 0xffffe000191aa812 */
                                                                                        /* 0x000fe200078ec0ff */
        /*0460*/               @P2 MOV R26, RZ ;                                        /* 0x000000ff001a2202 */
                                                                                        /* 0x000fe20000000f00 */
        /*0470*/                   IADD R25, R24, 0x20 ;                                /* 0x0000002018197835 */
                                                                                        /* 0x000fc800078e0000 */
        /*0480*/                   STS [R21], R26 ;                                     /* 0x0000001a15007388 */
                                                                                        /* 0x0001e20000000800 */
        /*0490*/                   MOV R24, R25 ;                                       /* 0x0000001900187202 */
                                                                                        /* 0x000fe20000000f00 */
        /*04a0*/                   IADD R21, R21, 0x80 ;                                /* 0x0000008015157835 */
                                                                                        /* 0x001fe200078e0000 */
        /*04b0*/              @!P0 BRA 0x390 ;                                          /* 0xfffffffc00b48947 */
                                                                                        /* 0x000fec000383ffff */
        /*04c0*/                   NOP ;                                                /* 0x0000000000007918 */
                                                                                        /* 0x000fe20000000000 */
        /*04d0*/                   BSYNC.RECONVERGENT B2 ;                              /* 0x0000000000027941 */
                                                                                        /* 0x000fea0003800200 */
        /*04e0*/                   LDC R5, c[0x0][0x3a0] ;                              /* 0x0000e800ff057b82 */
                                                                                        /* 0x000e220000000800 */
        /*04f0*/                   LDCU UR6, c[0x0][0x39c] ;                            /* 0x00007380ff0677ac */
                                                                                        /* 0x000e620008000800 */
        /*0500*/                   MOV R18, R0 ;                                        /* 0x0000000000127202 */
                                                                                        /* 0x000fcc0000000f00 */
        /*0510*/                   LDC.64 R22, c[0x0][0x388] ;                          /* 0x0000e200ff167b82 */
                                                                                        /* 0x000ea20000000a00 */
        /*0520*/                   ISETP.GE.AND P0, PT, R17, UR6, PT ;                  /* 0x0000000611007c0c */
                                                                                        /* 0x002fda000bf06270 */
        /*0530*/                   SHF.R.U32.HI R26, RZ, 0x4, R18 ;                     /* 0x00000004ff1a7819 */
                                                                                        /* 0x000fe20000011612 */
        /*0540*/                   BSSY.RECONVERGENT B2, 0x660 ;                        /* 0x0000011000027945 */
                                                                                        /* 0x000fe20003800200 */
        /*0550*/                   ISETP.GE.U32.AND P2, PT, R18.reuse, 0x60, PT ;       /* 0x000000601200780c */
                                                                                        /* 0x040fe20003f46070 */
        /*0560*/                   IADD R18, R18, 0x20 ;                                /* 0x0000002012127835 */
                                                                                        /* 0x000fe400078e0000 */
        /*0570*/                   IADD R24, R26, R19 ;                                 /* 0x000000131a187235 */
                                                                                        /* 0x002fca00078e0000 */
        /*0580*/                   ISETP.GE.OR P1, PT, R24, R5, P0 ;                    /* 0x000000051800720c */
                                                                                        /* 0x001fda0000726670 */
        /*0590*/               @P1 BRA 0x630 ;                                          /* 0x0000000000241947 */
                                                                                        /* 0x000fea0003800000 */
        /*05a0*/                   LDCU UR6, c[0x0][0x39c] ;                            /* 0x00007380ff0677ac */
                                                                                        /* 0x000e240008000800 */
        /*05b0*/                   IMAD R25, R24, UR6, R17 ;                            /* 0x0000000618197c24 */
                                                                                        /* 0x001fc8000f8e0211 */
        /*05c0*/                   IMAD.WIDE R24, R25, 0x4, R22 ;                       /* 0x0000000419187825 */
                                                                                        /* 0x004fca00078e0216 */
        /*05d0*/                   LDG.E.CONSTANT R21, desc[UR10][R24.64] ;             /* 0x0000000a18157981 */
                                                                                        /* 0x000ea2000c1e9900 */
        /*05e0*/                   MOV R28, 0x1000 ;                                    /* 0x00001000001c7802 */
                                                                                        /* 0x000fe20000000f00 */
        /*05f0*/                   FSETP.GEU.AND P1, PT, |R21|, +INF , PT ;             /* 0x7f8000001500780b */
                                                                                        /* 0x004fda0003f2e200 */
        /*0600*/              @!P1 IMAD.IADD.U32 R21, R21, 0x1, R28 ;                   /* 0x0000000115159824 */
                                                                                        /* 0x000fca00078e001c */
        /*0610*/                   LOP3.LUT R21, R21, 0xffffe000, RZ, 0xc0, !PT ;       /* 0xffffe00015157812 */
                                                                                        /* 0x000fe200078ec0ff */
        /*0620*/                   BRA 0x640 ;                                          /* 0x0000000000047947 */
                                                                                        /* 0x000fec0003800000 */
        /*0630*/                   MOV R21, RZ ;                                        /* 0x000000ff00157202 */
                                                                                        /* 0x000fce0000000f00 */
        /*0640*/                   NOP ;                                                /* 0x0000000000007918 */
                                                                                        /* 0x000fe20000000000 */
        /*0650*/                   BSYNC.RECONVERGENT B2 ;                              /* 0x0000000000027941 */
                                                                                        /* 0x000fea0003800200 */
        /*0660*/                   IMAD R24, R26, 0x4, R3 ;                             /* 0x000000041a187824 */
                                                                                        /* 0x000fca00078e0203 */
        /*0670*/                   STS [R24], R21 ;                                     /* 0x0000001518007388 */
                                                                                        /* 0x0003e20000000800 */
        /*0680*/              @!P2 BRA 0x530 ;                                          /* 0xfffffffc00a8a947 */
                                                                                        /* 0x000fea000383ffff */
        /*0690*/                   NOP ;                                                /* 0x0000000000007918 */
                                                                                        /* 0x000fe20000000000 */
        /*06a0*/                   BSYNC.RECONVERGENT B0 ;                              /* 0x0000000000007941 */
                                                                                        /* 0x000fea0003800200 */
        /*06b0*/                   BRA 0xb40 ;                                          /* 0x0000000400207947 */
                                                                                        /* 0x000fea0003800000 */
        /*06c0*/                   LDCU UR6, c[0x0][0x398] ;                            /* 0x00007300ff0677ac */
                                                                                        /* 0x000e220008000800 */
        /*06d0*/                   BSSY.RECONVERGENT B0, 0x930 ;                        /* 0x0000025000007945 */
                                                                                        /* 0x000fe20003800200 */
        /*06e0*/                   UISETP.GE.AND UP0, UPT, UR4, UR6, UPT ;              /* 0x000000060400728c */
                                                                                        /* 0x001fd2000bf06270 */
        /*06f0*/                   BRA.U !UP0, 0x7e0 ;                                  /* 0x0000000108387547 */
                                                                                        /* 0x000fea000b800000 */
        /*0700*/                   ISETP.GT.U32.AND P0, PT, R0, 0x7f, PT ;              /* 0x0000007f0000780c */
                                                                                        /* 0x000fe20003f04070 */
        /*0710*/                   BSSY.RECONVERGENT B2, 0x7d0 ;                        /* 0x000000b000027945 */
                                                                                        /* 0x000fd80003800200 */
        /*0720*/               @P0 BRA 0x7b0 ;                                          /* 0x0000000000200947 */
                                                                                        /* 0x000fea0003800000 */
        /*0730*/                   MOV R18, R0 ;                                        /* 0x0000000000127202 */
                                                                                        /* 0x000fce0000000f00 */
        /*0740*/                   IMAD.SHL.U32 R21, R18.reuse, 0x4, RZ ;               /* 0x0000000412157824 */
                                                                                        /* 0x041fe200078e00ff */
        /*0750*/                   ISETP.GE.U32.AND P1, PT, R18.reuse, 0x60, PT ;       /* 0x000000601200780c */
                                                                                        /* 0x040fe20003f26070 */
        /*0760*/                   IADD R18, R18, 0x20 ;                                /* 0x0000002012127835 */
                                                                                        /* 0x000fc600078e0000 */
        /*0770*/                   LOP3.LUT R21, R21, 0xffffffe0, RZ, 0xc0, !PT ;       /* 0xffffffe015157812 */
                                                                                        /* 0x000fca00078ec0ff */
        /*0780*/                   IADD R21, R20, R21 ;                                 /* 0x0000001514157235 */
                                                                                        /* 0x000fca00078e0000 */
        /*0790*/                   STS [R21], RZ ;                                      /* 0x000000ff15007388 */
                                                                                        /* 0x0001e20000000800 */
        /*07a0*/              @!P1 BRA 0x740 ;                                          /* 0xfffffffc00e49947 */
                                                                                        /* 0x000fea000383ffff */
        /*07b0*/                   NOP ;                                                /* 0x0000000000007918 */
                                                                                        /* 0x000fe20000000000 */
        /*07c0*/                   BSYNC.RECONVERGENT B2 ;                              /* 0x0000000000027941 */
                                                                                        /* 0x000fea0003800200 */
        /*07d0*/                   BRA 0x910 ;                                          /* 0x00000000004c7947 */
                                                                                        /* 0x000fea0003800000 */
        /*07e0*/                   ISETP.GT.U32.AND P0, PT, R0, 0x7f, PT ;              /* 0x0000007f0000780c */
                                                                                        /* 0x000fda0003f04070 */
        /*07f0*/               @P0 BRA 0x910 ;                                          /* 0x0000000000440947 */
                                                                                        /* 0x000fea0003800000 */
        /*0800*/                   LDC.64 R22, c[0x0][0x380] ;                          /* 0x0000e000ff167b82 */
                                                                                        /* 0x000e220000000a00 */
        /*0810*/                   IADD R27, R6, R19 ;                                  /* 0x00000013061b7235 */
                                                                                        /* 0x000fe200078e0000 */
        /*0820*/                   MOV R18, R0 ;                                        /* 0x0000000000127202 */
                                                                                        /* 0x000fce0000000f00 */
        /*0830*/                   SHF.R.U32.HI R21, RZ, 0x3, R18 ;                     /* 0x00000003ff157819 */
                                                                                        /* 0x002fca0000011612 */
        /*0840*/                   IADD R24, R21, UR4 ;                                 /* 0x0000000415187c35 */
                                                                                        /* 0x000fca000f8e0000 */
        /*0850*/                   IMAD R25, R24, R5, R27 ;                             /* 0x0000000518197224 */
                                                                                        /* 0x000fc800078e021b */
        /*0860*/                   IMAD.WIDE R24, R25, 0x4, R22 ;                       /* 0x0000000419187825 */
                                                                                        /* 0x001fca00078e0216 */
        /*0870*/                   LDG.E.CONSTANT R26, desc[UR10][R24.64] ;             /* 0x0000000a181a7981 */
                                                                                        /* 0x000ea2000c1e9900 */
        /*0880*/                   MOV R29, 0x1000 ;                                    /* 0x00001000001d7802 */
                                                                                        /* 0x000fe20000000f00 */
        /*0890*/                   IMAD R21, R21, 0x20, R20 ;                           /* 0x0000002015157824 */
                                                                                        /* 0x000fe200078e0214 */
        /*08a0*/                   FSETP.GEU.AND P1, PT, |R26|, +INF , PT ;             /* 0x7f8000001a00780b */
                                                                                        /* 0x004fda0003f2e200 */
        /*08b0*/              @!P1 IMAD.IADD.U32 R26, R26, 0x1, R29 ;                   /* 0x000000011a1a9824 */
                                                                                        /* 0x000fe200078e001d */
        /*08c0*/                   ISETP.GE.U32.AND P1, PT, R18.reuse, 0x60, PT ;       /* 0x000000601200780c */
                                                                                        /* 0x040fe20003f26070 */
        /*08d0*/                   IADD R18, R18, 0x20 ;                                /* 0x0000002012127835 */
                                                                                        /* 0x000fc600078e0000 */
        /*08e0*/                   LOP3.LUT R26, R26, 0xffffe000, RZ, 0xc0, !PT ;       /* 0xffffe0001a1a7812 */
                                                                                        /* 0x000fca00078ec0ff */
        /*08f0*/                   STS [R21], R26 ;                                     /* 0x0000001a15007388 */
                                                                                        /* 0x0003e80000000800 */
        /*0900*/              @!P1 BRA 0x830 ;                                          /* 0xfffffffc00c89947 */
                                                                                        /* 0x000fea000383ffff */
        /*0910*/                   NOP ;                                                /* 0x0000000000007918 */
                                                                                        /* 0x000fe20000000000 */
        /*0920*/                   BSYNC.RECONVERGENT B0 ;                              /* 0x0000000000007941 */
                                                                                        /* 0x000fea0003800200 */
        /*0930*/                   LDC R27, c[0x0][0x39c] ;                             /* 0x0000e700ff1b7b82 */
                                                                                        /* 0x000ea40000000800 */
        /*0940*/                   ISETP.LE.AND P1, PT, R27, UR5, PT ;                  /* 0x000000051b007c0c */
                                                                                        /* 0x004fda000bf23270 */
        /*0950*/              @!P1 BRA 0xa30 ;                                          /* 0x0000000000349947 */
                                                                                        /* 0x000fea0003800000 */
        /*0960*/                   BSSY.RECONVERGENT B0, 0xa20 ;                        /* 0x000000b000007945 */
                                                                                        /* 0x000fe80003800200 */
        /*0970*/               @P0 BRA 0xa00 ;                                          /* 0x0000000000200947 */
                                                                                        /* 0x000fea0003800000 */
        /*0980*/                   MOV R18, R0 ;                                        /* 0x0000000000127202 */
                                                                                        /* 0x003fce0000000f00 */
        /*0990*/                   SHF.R.U32.HI R19, RZ, 0x2, R18 ;                     /* 0x00000002ff137819 */
                                                                                        /* 0x000fe20000011612 */
        /*09a0*/                   ISETP.GE.U32.AND P0, PT, R18.reuse, 0x60, PT ;       /* 0x000000601200780c */
                                                                                        /* 0x040fe20003f06070 */
        /*09b0*/                   IADD R18, R18, 0x20 ;                                /* 0x0000002012127835 */
                                                                                        /* 0x000fe400078e0000 */
        /*09c0*/                   LOP3.LUT R22, R19, 0x3ffffffc, RZ, 0xc0, !PT ;       /* 0x3ffffffc13167812 */
                                                                                        /* 0x004fca00078ec0ff */
        /*09d0*/                   IADD R22, R3, R22 ;                                  /* 0x0000001603167235 */
                                                                                        /* 0x000fca00078e0000 */
        /*09e0*/                   STS [R22], RZ ;                                      /* 0x000000ff16007388 */
                                                                                        /* 0x0005e20000000800 */
        /*09f0*/              @!P0 BRA 0x990 ;                                          /* 0xfffffffc00e48947 */
                                                                                        /* 0x000fea000383ffff */
        /*0a00*/                   NOP ;                                                /* 0x0000000000007918 */
                                                                                        /* 0x000fe20000000000 */
        /*0a10*/                   BSYNC.RECONVERGENT B0 ;                              /* 0x0000000000007941 */
                                                                                        /* 0x000fea0003800200 */
        /*0a20*/                   BRA 0xb40 ;                                          /* 0x0000000000447947 */
                                                                                        /* 0x000fea0003800000 */
        /*0a30*/               @P0 BRA 0xb40 ;                                          /* 0x0000000000400947 */
                                                                                        /* 0x000fea0003800000 */
        /*0a40*/                   LDC.64 R22, c[0x0][0x388] ;                          /* 0x0000e200ff167b82 */
                                                                                        /* 0x000ea20000000a00 */
        /*0a50*/                   MOV R18, R0 ;                                        /* 0x0000000000127202 */
                                                                                        /* 0x003fce0000000f00 */
        /*0a60*/                   SHF.R.U32.HI R26, RZ, 0x4, R18 ;                     /* 0x00000004ff1a7819 */
                                                                                        /* 0x008fca0000011612 */
        /*0a70*/                   IADD R24, R26, R19 ;                                 /* 0x000000131a187235 */
                                                                                        /* 0x000fca00078e0000 */
        /*0a80*/                   IMAD R25, R24, R27, R17 ;                            /* 0x0000001b18197224 */
                                                                                        /* 0x000fc800078e0211 */
        /*0a90*/                   IMAD.WIDE R24, R25, 0x4, R22 ;                       /* 0x0000000419187825 */
                                                                                        /* 0x004fca00078e0216 */
        /*0aa0*/                   LDG.E.CONSTANT R21, desc[UR10][R24.64] ;             /* 0x0000000a18157981 */
                                                                                        /* 0x000ea2000c1e9900 */
        /*0ab0*/                   MOV R28, 0x1000 ;                                    /* 0x00001000001c7802 */
                                                                                        /* 0x000fe20000000f00 */
        /*0ac0*/                   IMAD R26, R26, 0x4, R3 ;                             /* 0x000000041a1a7824 */
                                                                                        /* 0x000fe200078e0203 */
        /*0ad0*/                   FSETP.GEU.AND P0, PT, |R21|, +INF , PT ;             /* 0x7f8000001500780b */
                                                                                        /* 0x004fda0003f0e200 */
        /*0ae0*/              @!P0 IMAD.IADD.U32 R21, R21, 0x1, R28 ;                   /* 0x0000000115158824 */
                                                                                        /* 0x000fe200078e001c */
        /*0af0*/                   ISETP.GE.U32.AND P0, PT, R18.reuse, 0x60, PT ;       /* 0x000000601200780c */
                                                                                        /* 0x040fe20003f06070 */
        /*0b00*/                   IADD R18, R18, 0x20 ;                                /* 0x0000002012127835 */
                                                                                        /* 0x000fc600078e0000 */
        /*0b10*/                   LOP3.LUT R21, R21, 0xffffe000, RZ, 0xc0, !PT ;       /* 0xffffe00015157812 */
                                                                                        /* 0x000fca00078ec0ff */
        /*0b20*/                   STS [R26], R21 ;                                     /* 0x000000151a007388 */
                                                                                        /* 0x0007e80000000800 */
        /*0b30*/              @!P0 BRA 0xa60 ;                                          /* 0xfffffffc00c88947 */
                                                                                        /* 0x000fea000383ffff */
        /*0b40*/                   NOP ;                                                /* 0x0000000000007918 */
                                                                                        /* 0x000fe20000000000 */
        /*0b50*/                   BSYNC.RECONVERGENT B1 ;                              /* 0x0000000000017941 */
                                                                                        /* 0x000fea0003800200 */
        /*0b60*/                   S2R R18, SR_LANEID ;                                 /* 0x0000000000127919 */
                                                                                        /* 0x000f220000000000 */
        /*0b70*/                   MOV R22, 0x400 ;                                     /* 0x0000040000167802 */
                                                                                        /* 0x004fe20000000f00 */
        /*0b80*/                   S2R R23, SR_CgaCtaId ;                               /* 0x0000000000177919 */
                                                                                        /* 0x000ea80000008800 */
        /*0b90*/                   IADD R24, R22, 0x200 ;                               /* 0x0000020016187835 */
                                                                                        /* 0x002fe200078e0000 */
        /*0ba0*/                   S2R R21, SR_SWINHI ;                                 /* 0x0000000000157919 */
                                                                                        /* 0x009e220000002f00 */
        /*0bb0*/                   BAR.SYNC.DEFER_BLOCKING 0x0 ;                        /* 0x0000000000007b1d */
                                                                                        /* 0x000fe20000010000 */
        /*0bc0*/                   SHF.R.U32.HI R19, RZ, 0x2, R18 ;                     /* 0x00000002ff137819 */
                                                                                        /* 0x010fe40000011612 */
        /*0bd0*/                   LOP3.LUT R18, R18, 0x3, RZ, 0xc0, !PT ;              /* 0x0000000312127812 */
                                                                                        /* 0x000fc400078ec0ff */
        /*0be0*/                   LEA R26, R23, R24, 0x18 ;                            /* 0x00000018171a7211 */
                                                                                        /* 0x004fe400078ec0ff */
        /*0bf0*/                   LEA R24, R23, R22, 0x18 ;                            /* 0x0000001617187211 */
                                                                                        /* 0x000fe200078ec0ff */
        /*0c00*/                   IMAD R19, R19, 0x8, R18 ;                            /* 0x0000000813137824 */
                                                                                        /* 0x000fe200078e0212 */
        /*0c10*/                   MOV R27, R21.reuse ;                                 /* 0x00000015001b7202 */
                                                                                        /* 0x081fe20000000f00 */
        /*0c20*/                   MOV R25, R21 ;                                       /* 0x0000001500197202 */
                                                                                        /* 0x000fc60000000f00 */
        /*0c30*/                   IADD R35, R19.reuse, 0x40 ;                          /* 0x0000004013237835 */
                                                                                        /* 0x040fe200078e0000 */
        /*0c40*/                   IMAD.WIDE R32, R19, 0x4, R26 ;                       /* 0x0000000413207825 */
                                                                                        /* 0x000fc800078e021a */
        /*0c50*/                   IMAD.WIDE R22, R19, 0x4, R24.reuse ;                 /* 0x0000000413167825 */
                                                                                        /* 0x100fe400078e0218 */
        /*0c60*/                   LD.E R32, desc[UR10][R32.64] ;                       /* 0x0000000a20207980 */
                                                                                        /* 0x000ea4000c101900 */
        /*0c70*/                   IMAD.WIDE R36, R35.reuse, 0x4, R24 ;                 /* 0x0000000423247825 */
                                                                                        /* 0x040fe400078e0218 */
        /*0c80*/                   LD.E R22, desc[UR10][R22.64] ;                       /* 0x0000000a16167980 */
                                                                                        /* 0x000ea4000c101900 */
        /*0c90*/                   IMAD.WIDE R34, R35, 0x4, R26 ;                       /* 0x0000000423227825 */
                                                                                        /* 0x000fca00078e021a */
        /*0ca0*/                   LD.E R21, desc[UR10][R34.64] ;                       /* 0x0000000a22157980 */
                                                                                        /* 0x000ee8000c101900 */
        /*0cb0*/                   LD.E R23, desc[UR10][R36.64] ;                       /* 0x0000000a24177980 */
                                                                                        /* 0x000ea2000c101900 */
        /*0cc0*/                   IADD R31, R19.reuse, 0x4 ;                           /* 0x00000004131f7835 */
                                                                                        /* 0x040fe200078e0000 */
        /*0cd0*/                   IADD R19, R19, 0x44 ;                                /* 0x0000004413137835 */
                                                                                        /* 0x000fc800078e0000 */
        /*0ce0*/                   IMAD.WIDE R28, R31, 0x4, R26 ;                       /* 0x000000041f1c7825 */
                                                                                        /* 0x000fc800078e021a */
        /*0cf0*/                   IMAD.WIDE R30, R31, 0x4, R24 ;                       /* 0x000000041f1e7825 */
                                                                                        /* 0x000fe400078e0218 */
        /*0d00*/                   LD.E R28, desc[UR10][R28.64] ;                       /* 0x0000000a1c1c7980 */
                                                                                        /* 0x000f24000c101900 */
        /*0d10*/                   IMAD.WIDE R26, R19.reuse, 0x4, R26 ;                 /* 0x00000004131a7825 */
                                                                                        /* 0x040fe400078e021a */
        /*0d20*/                   LD.E R18, desc[UR10][R30.64] ;                       /* 0x0000000a1e127980 */
                                                                                        /* 0x000f24000c101900 */
        /*0d30*/                   IMAD.WIDE R24, R19, 0x4, R24 ;                       /* 0x0000000413187825 */
                                                                                        /* 0x000fe400078e0218 */
        /*0d40*/                   LD.E R26, desc[UR10][R26.64] ;                       /* 0x0000000a1a1a7980 */
                                                                                        /* 0x000f68000c101900 */
        /*0d50*/                   LD.E R19, desc[UR10][R24.64] ;                       /* 0x0000000a18137980 */
                                                                                        /* 0x000f22000c101900 */
        /*0d60*/                   WARPSYNC.ALL ;                                       /* 0x0000000000007948 */
                                                                                        /* 0x000fea0003800000 */
        /*0d70*/                   BAR.SYNC.DEFER_BLOCKING 0x0 ;                        /* 0x0000000000007b1d */
                                                                                        /* 0x000fe20000010000 */
        /*0d80*/                   ISETP.GE.AND P0, PT, R16, R5, PT ;                   /* 0x000000051000720c */
                                                                                        /* 0x000fe20003f06270 */
        /*0d90*/                   HMMA.1684.F32.TF32 R8, R22, R32, R8 ;                /* 0x000000201608723c */
                                                                                        /* 0x004ff60000085008 */
        /*0da0*/                   HMMA.1684.F32.TF32 R12, R22, R21, R12 ;              /* 0x00000015160c723c */
                                                                                        /* 0x008ff6000008500c */
        /*0db0*/                   @!UPT UIADD3 URZ, UPT, UPT, URZ, URZ, URZ ;          /* 0x000000fffffff290 */
                                                                                        /* 0x000fee000fffe0ff */
        /*0dc0*/                   HMMA.1684.F32.TF32 R8, R18, R28, R8 ;                /* 0x0000001c1208723c */
                                                                                        /* 0x010ff60000085008 */
        /*0dd0*/                   HMMA.1684.F32.TF32 R12, R18, R26, R12 ;              /* 0x0000001a120c723c */
                                                                                        /* 0x020fe2000008500c */
        /*0de0*/                   @!UPT UIADD3 URZ, UPT, UPT, URZ, URZ, URZ ;          /* 0x000000fffffff290 */
                                                                                        /* 0x000ff6000fffe0ff */
        /*0df0*/                   @!UPT UIADD3 URZ, UPT, UPT, URZ, URZ, URZ ;          /* 0x000000fffffff290 */
                                                                                        /* 0x000fec000fffe0ff */
        /*0e00*/              @!P0 BRA 0x240 ;                                          /* 0xfffffff4000c8947 */
                                                                                        /* 0x000ff6000383ffff */
        /*0e10*/                   LDC.64 R2, c[0x0][0x398] ;                           /* 0x0000e600ff027b82 */
                                                                                        /* 0x000e240000000a00 */
        /*0e20*/                   ISETP.LE.AND P0, PT, R3, UR5, PT ;                   /* 0x0000000503007c0c */
                                                                                        /* 0x001fca000bf03270 */
        /*0e30*/                   ISETP.LE.OR P0, PT, R2, UR4, P0 ;                    /* 0x0000000402007c0c */
                                                                                        /* 0x000fda0008703670 */
        /*0e40*/               @P0 EXIT ;                                               /* 0x000000000000094d */
                                                                                        /* 0x008fea0003800000 */
        /*0e50*/                   S2R R16, SR_CgaCtaId ;                               /* 0x0000000000107919 */
                                                                                        /* 0x000e220000008800 */
        /*0e60*/                   MOV R5, 0x400 ;                                      /* 0x0000040000057802 */
                                                                                        /* 0x000fe20000000f00 */
        /*0e70*/                   WARPSYNC.ALL ;                                       /* 0x0000000000007948 */
                                                                                        /* 0x000fea0003800000 */
        /*0e80*/                   S2R R6, SR_LANEID ;                                  /* 0x0000000000067919 */
                                                                                        /* 0x000e620000000000 */
        /*0e90*/                   IADD R5, R5, 0x400 ;                                 /* 0x0000040005057835 */
                                                                                        /* 0x000fe200078e0000 */
        /*0ea0*/                   S2R R17, SR_SWINHI ;                                 /* 0x0000000000117919 */
                                                                                        /* 0x000ee80000002f00 */
        /*0eb0*/                   LEA R16, R16, R5, 0x18 ;                             /* 0x0000000510107211 */
                                                                                        /* 0x001fe200078ec0ff */
        /*0ec0*/                   MOV R5, RZ ;                                         /* 0x000000ff00057202 */
                                                                                        /* 0x000fe20000000f00 */
        /*0ed0*/                   LOP3.LUT R4, R6, 0x3, RZ, 0xc0, !PT ;                /* 0x0000000306047812 */
                                                                                        /* 0x002fc400078ec0ff */
        /*0ee0*/                   SHF.R.U32.HI R7, RZ, 0x2, R6 ;                       /* 0x00000002ff077819 */
                                                                                        /* 0x000fca0000011606 */
        /*0ef0*/                   IMAD.WIDE.U32 R6, R7, 0x8, R4 ;                      /* 0x0000000807067825 */
                                                                                        /* 0x000fe200078e0004 */
        /*0f00*/                   MOV R4, R16 ;                                        /* 0x0000001000047202 */
                                                                                        /* 0x000fe20000000f00 */
        /*0f10*/                   MOV R5, R17 ;                                        /* 0x0000001100057202 */
                                                                                        /* 0x008fc80000000f00 */
        /*0f20*/                   LEA R4, P0, R6, R4, 0x3 ;                            /* 0x0000000406047211 */
                                                                                        /* 0x000fc800078018ff */
        /*0f30*/                   LEA.HI.X R5, R6, R5, R7, 0x3, P0 ;                   /* 0x0000000506057211 */
                                                                                        /* 0x000fe200000f1c07 */
        /*0f40*/                   ISETP.GT.U32.AND P0, PT, R0, 0xff, PT ;              /* 0x000000ff0000780c */
                                                                                        /* 0x004fc80003f04070 */
        /*0f50*/                   ST.E.64 desc[UR10][R4.64], R8 ;                      /* 0x0000000804007985 */
                                                                                        /* 0x0001e8000c101b0a */
        /*0f60*/                   ST.E.64 desc[UR10][R4.64+0x200], R10 ;               /* 0x0002000a04007985 */
                                                                                        /* 0x0003e8000c101b0a */
        /*0f70*/                   ST.E.64 desc[UR10][R4.64+0x20], R12 ;                /* 0x0000200c04007985 */
                                                                                        /* 0x0005e8000c101b0a */
        /*0f80*/                   ST.E.64 desc[UR10][R4.64+0x220], R14 ;               /* 0x0002200e04007985 */
                                                                                        /* 0x0007e2000c101b0a */
        /*0f90*/                   BAR.SYNC.DEFER_BLOCKING 0x0 ;                        /* 0x0000000000007b1d */
                                                                                        /* 0x000fec0000010000 */
        /*0fa0*/               @P0 EXIT ;                                               /* 0x000000000000094d */
                                                                                        /* 0x000fea0003800000 */
        /*0fb0*/                   LOP3.LUT R6, R0, 0xf, RZ, 0xc0, !PT ;                /* 0x0000000f00067812 */
                                                                                        /* 0x000fe400078ec0ff */
        /*0fc0*/                   SHF.R.U32.HI R5, RZ, 0x4, R0 ;                       /* 0x00000004ff057819 */
                                                                                        /* 0x00ffc60000011600 */
        /*0fd0*/                   IADD R8, R6, UR5 ;                                   /* 0x0000000506087c35 */
                                                                                        /* 0x000fe4000f8e0000 */
        /*0fe0*/                   IADD R0, R5, UR4 ;                                   /* 0x0000000405007c35 */
                                                                                        /* 0x000fc6000f8e0000 */
        /*0ff0*/                   ISETP.GE.AND P0, PT, R8, R3, PT ;                    /* 0x000000030800720c */
                                                                                        /* 0x000fca0003f06270 */
        /*1000*/                   ISETP.GE.OR P0, PT, R0, R2, P0 ;                     /* 0x000000020000720c */
                                                                                        /* 0x000fda0000706670 */
        /*1010*/               @P0 EXIT ;                                               /* 0x000000000000094d */
                                                                                        /* 0x000fea0003800000 */
        /*1020*/                   IMAD R5, R5, 0x40, R16 ;                             /* 0x0000004005057824 */
                                                                                        /* 0x000fe400078e0210 */
        /*1030*/                   IMAD R3, R0, R3, R8 ;                                /* 0x0000000300037224 */
                                                                                        /* 0x000fe400078e0208 */
        /*1040*/                   IMAD R6, R6, 0x4, R5 ;                               /* 0x0000000406067824 */
                                                                                        /* 0x000fe400078e0205 */
        /*1050*/                   LDC.64 R4, c[0x0][0x390] ;                           /* 0x0000e400ff047b82 */
                                                                                        /* 0x000e260000000a00 */
        /*1060*/                   LDS R7, [R6] ;                                       /* 0x0000000006077984 */
                                                                                        /* 0x000e620000000800 */
        /*1070*/                   IMAD.WIDE.U32 R2, R3, 0x4, R4 ;                      /* 0x0000000403027825 */
                                                                                        /* 0x001fca00078e0004 */
        /*1080*/                   STG.E desc[UR10][R2.64], R7 ;                        /* 0x0000000702007986 */
                                                                                        /* 0x002fe2000c10190a */
        /*1090*/                   EXIT ;                                               /* 0x000000000000794d */
                                                                                        /* 0x000fea0003800000 */
        /*10a0*/                   BRA 0x10a0;                                          /* 0xfffffffc00fc7947 */
                                                                                        /* 0x000fc0000383ffff */
        /*10b0*/                   NOP;                                                 /* 0x0000000000007918 */
                                                                                        /* 0x000fc00000000000 */
        /*10c0*/                   NOP;                                                 /* 0x0000000000007918 */
                                                                                        /* 0x000fc00000000000 */
        /*10d0*/                   NOP;                                                 /* 0x0000000000007918 */
                                                                                        /* 0x000fc00000000000 */
        /*10e0*/                   NOP;                                                 /* 0x0000000000007918 */
                                                                                        /* 0x000fc00000000000 */
        /*10f0*/                   NOP;                                                 /* 0x0000000000007918 */
                                                                                        /* 0x000fc00000000000 */
        /*1100*/                   NOP;                                                 /* 0x0000000000007918 */
                                                                                        /* 0x000fc00000000000 */
        /*1110*/                   NOP;                                                 /* 0x0000000000007918 */
                                                                                        /* 0x000fc00000000000 */
        /*1120*/                   NOP;                                                 /* 0x0000000000007918 */
                                                                                        /* 0x000fc00000000000 */
        /*1130*/                   NOP;                                                 /* 0x0000000000007918 */
                                                                                        /* 0x000fc00000000000 */
        /*1140*/                   NOP;                                                 /* 0x0000000000007918 */
                                                                                        /* 0x000fc00000000000 */
        /*1150*/                   NOP;                                                 /* 0x0000000000007918 */
                                                                                        /* 0x000fc00000000000 */
        /*1160*/                   NOP;                                                 /* 0x0000000000007918 */
                                                                                        /* 0x000fc00000000000 */
        /*1170*/                   NOP;                                                 /* 0x0000000000007918 */
                                                                                        /* 0x000fc00000000000 */
		..........



Fatbin ptx code:
================
arch = sm_120
code version = [9,3]
host = windows
compile_size = 64bit
compressed
identifier = S:/kernel-lane/kernels/src/register_tiled_gemm_tf32_wmma.cu
ptxasOptions = --generate-line-info 
