AsT_swizzle 15-sample timing (non-NCU, 1024x1024x1024):
Run 1:  0.435424 ms, 4.931937 TFLOPS
Run 2:  0.491744 ms, 4.367076 TFLOPS
Run 3:  0.416480 ms, 5.156271 TFLOPS
Run 4:  0.423328 ms, 5.072860 TFLOPS
Run 5:  0.415552 ms, 5.167786 TFLOPS
Run 6:  0.415936 ms, 5.163015 TFLOPS
Run 7:  0.413376 ms, 5.194989 TFLOPS
Run 8:  0.415200 ms, 5.172167 TFLOPS
Run 9:  0.428480 ms, 5.011864 TFLOPS
Run 10: 0.416064 ms, 5.161426 TFLOPS
Run 11: 0.512224 ms, 4.192470 TFLOPS
Run 12: 0.414112 ms, 5.185756 TFLOPS
Run 13: 0.414368 ms, 5.182552 TFLOPS
Run 14: 0.418688 ms, 5.129079 TFLOPS
Run 15: 0.415040 ms, 5.174161 TFLOPS

Sorted: 0.413376, 0.414112, 0.414368, 0.415040, 0.415200, 0.415552, 0.415936, 0.416064, 0.416480, 0.418688, 0.423328, 0.428480, 0.435424, 0.491744, 0.512224
Median: 0.416064 ms

Accepted baseline: 0.265424 ms
AsT_swizzle vs Accepted: +56.7% slower (0.416064 / 0.265424 = 1.567)