AsT68 15-sample timing (non-NCU, 1024x1024x1024):
Run 1:  0.336608 ms, 6.379776 TFLOPS
Run 2:  0.339040 ms, 6.334012 TFLOPS
Run 3:  0.386688 ms, 5.553531 TFLOPS
Run 4:  0.444160 ms, 4.834932 TFLOPS
Run 5:  0.337024 ms, 6.371901 TFLOPS
Run 6:  0.356608 ms, 6.021973 TFLOPS
Run 7:  0.335072 ms, 6.409021 TFLOPS
Run 8:  0.333920 ms, 6.431132 TFLOPS
Run 9:  0.353824 ms, 6.069356 TFLOPS
Run 10: 0.334976 ms, 6.410858 TFLOPS
Run 11: 0.335360 ms, 6.403518 TFLOPS
Run 12: 0.335168 ms, 6.407186 TFLOPS
Run 13: 0.340480 ms, 6.307224 TFLOPS
Run 14: 0.337280 ms, 6.367065 TFLOPS
Run 15: 0.381888 ms, 5.623334 TFLOPS

Sorted: 0.333920, 0.334976, 0.335072, 0.335168, 0.335360, 0.336608, 0.337024, 0.337280, 0.339040, 0.340480, 0.353824, 0.356608, 0.381888, 0.386688, 0.444160
Median: 0.337280 ms

Accepted baseline: 0.265424 ms (median of 30 samples)
AsT68 vs Accepted: +27.1% slower (0.337280 / 0.265424 = 1.271)