==PROF== Connected to process 32964 (S:\kernel-lane\kernels\register_tiled_gemm.exe)
==PROF== Profiling "register_tiled_gemm": 0%....50%....100% - 10 passes
[CORRECTNESS] register_tiled_gemm  max_rel=0.000657 max_abs=0.000001 rel=65519 abs=17 outliers=0/65536 => PASS
Register Tiled GEMM (1024x1024x1024): 272.143 ms, 0.00789101 TFLOPS
==PROF== Disconnected from process 32964
[32964] register_tiled_gemm.exe@127.0.0.1
  void register_tiled_gemm<1, 1>(const float *, const float *, float *, int, int, int) (16, 16, 1)x(16, 16, 1), Context 1, Stream 7, Device 0, CC 12.0
    Section: Command line profiler metrics
    -------------------------------------------------------- --------------- ------------
    Metric Name                                                  Metric Unit Metric Value
    -------------------------------------------------------- --------------- ------------
    l1tex__data_bank_conflicts_pipe_lsu_mem_shared_op_ld.sum                      177,598
    l1tex__data_bank_conflicts_pipe_lsu_mem_shared_op_st.sum                    1,629,750
    l1tex__throughput.avg.pct_of_peak_sustained_elapsed                    %        81.52
    launch__registers_per_thread                             register/thread           40
    sm__throughput.avg.pct_of_peak_sustained_elapsed                       %        59.36
    sm__warps_active.avg.pct_of_peak_sustained_active                      %        80.43
    smsp__inst_executed_op_shared_ld.sum                                inst    4,194,304
    smsp__inst_executed_op_shared_st.sum                                inst      655,360
    -------------------------------------------------------- --------------- ------------

